main.c:85:5:main	16	static
main.c:155:6:SystemClock_Config	88	static
main.c:200:13:MX_ADC1_Init	24	static
main.c:250:13:MX_TIM1_Init	96	static
main.c:325:13:MX_TIM3_Init	32	static
main.c:370:13:MX_TIM11_Init	8	static
main.c:401:13:MX_USART2_UART_Init	8	static
main.c:434:13:MX_GPIO_Init	48	static
main.c:464:6:HAL_ADC_ConvCpltCallback	16	static
main.c:468:6:HAL_TIM_PeriodElapsedCallback	24	static
main.c:474:21:micros	12	static
main.c:478:6:PWM_Control	16	static
main.c:494:6:Error_Handler	4	static,ignoring_inline_asm
